Possible file format: MS-DOS executable (EXE) (C:\Program Files\IDA Professional 9.4\loaders\dos.dll)
Possible file format: Portable executable for 80386 (PE) (C:\Program Files\IDA Professional 9.4\loaders\pe.dll)

  bytes   pages size description
--------- ----- ---- --------------------------------------------
  3964928   484 8192 allocating memory for b-tree...
  3964928   484 8192 allocating memory for virtual array...
   262144    32 8192 allocating memory for name pointers...
-----------------------------------------------------------------
  8192000            total memory allocated

Loading file 'V:\handoff-staging\ida-doubler-audit\inputs\vv5.exe' into database...
Detected file format: Portable executable for 80386 (PE)
Loading processor module C:\Program Files\IDA Professional 9.4\procs\pc.dll for metapc...OK
Autoanalysis subsystem has been initialized.
Assuming __cdecl calling convention by default
  0. Creating a new segment  (00401000-00495000) ... ... OK
  1. Creating a new segment  (00495000-004C6000) ... ... OK
  2. Creating a new segment  (004C6000-007B2000) ... ... OK
  3. Creating a new segment  (007B2000-007B3000) ... ... OK
Reading imports directory...
  4. Creating a new segment  (00495464-004C6000) ... ... OK
Plan  FLIRT signature: Microsoft VisualC 2-14/net runtime
autoload.cfg: vc32rtf.sig autoloads mssdk_win7.til
Type library 'mssdk_win7' loaded. Applying types...
Types applied to 202 names.
main() function at 426520, named "_WinMain@16"
Plan  FLIRT signature: SEH for vc7-14
Marking typical code sequences...
Flushing buffers, please wait...ok
File 'V:\handoff-staging\ida-doubler-audit\inputs\vv5.exe' has been successfully loaded into the database.
Flushing buffers, please wait...ok
Hex-Rays Decompiler plugin has been loaded (v9.4.0.260610)
  License: 14-0000-FFFF-88  (1 user)
  The hotkeys are F5: decompile, Ctrl-F5: decompile all.

  Please check the Edit/Plugins menu for more information.
Hex-rays version 9.4.0.260610 has been detected, gooMBA plugin ready to use
Using type parser: legacy
IDA is analysing the input file...
You may start to explore the input file right now.
Using FLIRT signature: Microsoft VisualC 2-14/net runtime
Using FLIRT signature: SEH for vc7-14
Propagating type information...
Function argument information has been propagated
lumina: bad signature
The initial autoanalysis has been finished.
V:\scripts\ida_decompile_addresses.py:22: DeprecationWarning: get_func() is deprecated, use get_func_start or get_func_entry_info()
  function = ida_funcs.get_func(address)
The decompiler assumes that the segment '.rdata' is read-only because of its NAME.
All data references to the segment will be replaced by constant values.
This may lead to drastic changes in the decompiler output.
If the segment is not read-only, please change the segment NAME.

In general, the decompiler checks the segment permissions, class, and name
to determine if it is read-only.
 -> OK
Flushing buffers, please wait...ok
Unloading IDP module C:\Program Files\IDA Professional 9.4\procs\pc.dll...